
ASUS@LAPTOP-ENVS3R62 MINGW64 /d/KP/Belajar Git/grace-test-repo
$ git init
Initialized empty Git repository in D:/KP/Belajar Git/grace-test-repo/.git/

ASUS@LAPTOP-ENVS3R62 MINGW64 /d/KP/Belajar Git/grace-test-repo (master)
$ ls
index.html

ASUS@LAPTOP-ENVS3R62 MINGW64 /d/KP/Belajar Git/grace-test-repo (master)
$ git status
On branch master

No commits yet

Untracked files:
  (use "git add <file>..." to include in what will be committed)
        index.html

nothing added to commit but untracked files present (use "git add" to track)

ASUS@LAPTOP-ENVS3R62 MINGW64 /d/KP/Belajar Git/grace-test-repo (master)
$ git add index.html

ASUS@LAPTOP-ENVS3R62 MINGW64 /d/KP/Belajar Git/grace-test-repo (master)
$ git status
On branch master

No commits yet

Changes to be committed:
  (use "git rm --cached <file>..." to unstage)
        new file:   index.html


ASUS@LAPTOP-ENVS3R62 MINGW64 /d/KP/Belajar Git/grace-test-repo (master)
$ git config --global user.name "gracekaroma"

ASUS@LAPTOP-ENVS3R62 MINGW64 /d/KP/Belajar Git/grace-test-repo (master)
$ git config --global user.email "gracelala2110@gmail.com"

ASUS@LAPTOP-ENVS3R62 MINGW64 /d/KP/Belajar Git/grace-test-repo (master)
$ git status
On branch master

No commits yet

Changes to be committed:
  (use "git rm --cached <file>..." to unstage)
        new file:   index.html


ASUS@LAPTOP-ENVS3R62 MINGW64 /d/KP/Belajar Git/grace-test-repo (master)
$ git commit
Aborting commit due to empty commit message.

ASUS@LAPTOP-ENVS3R62 MINGW64 /d/KP/Belajar Git/grace-test-repo (master)
$ git commit -m "Menambahkan file index.html"
[master (root-commit) ab73e57] Menambahkan file index.html
 1 file changed, 9 insertions(+)
 create mode 100644 index.html

ASUS@LAPTOP-ENVS3R62 MINGW64 /d/KP/Belajar Git/grace-test-repo (master)
$ git status
On branch master
nothing to commit, working tree clean

ASUS@LAPTOP-ENVS3R62 MINGW64 /d/KP/Belajar Git/grace-test-repo (master)
$
